// Jest Snapshot v1, https://goo.gl/fbAQLP

exports[`Header component test Header matched the snapshot 1`] = `
Object {
  "asFragment": [Function],
  "baseElement": <body>
    <div>
      <div>
        <nav
          class="navbar navbar-expand-lg navbar-light bg-light"
        >
          <div
            class="container-fluid"
          >
            <a
              class="navbar-brand"
              href="/"
            >
              ChitterChatter
            </a>
            <button
              aria-controls="navbarNav"
              aria-expanded="false"
              aria-label="Toggle navigation"
              class="navbar-toggler"
              data-bs-target="#navbarNav"
              data-bs-toggle="collapse"
              type="button"
            >
              <span
                class="navbar-toggler-icon"
              />
            </button>
            <ul
              class="nav justify-content-end"
            >
              <li
                class="nav-item"
              >
                <a
                  aria-current="page"
                  class="nav-link active"
                  href="/"
                >
                  Home
                </a>
              </li>
              <li
                class="nav-item"
              >
                <a
                  class="nav-link"
                  href="/register"
                >
                  Register
                </a>
              </li>
              <li
                class="nav-item"
              >
                <a
                  class="nav-link"
                  href="/login"
                >
                   Login
                </a>
              </li>
            </ul>
          </div>
        </nav>
      </div>
    </div>
  </body>,
  "container": <div>
    <div>
      <nav
        class="navbar navbar-expand-lg navbar-light bg-light"
      >
        <div
          class="container-fluid"
        >
          <a
            class="navbar-brand"
            href="/"
          >
            ChitterChatter
          </a>
          <button
            aria-controls="navbarNav"
            aria-expanded="false"
            aria-label="Toggle navigation"
            class="navbar-toggler"
            data-bs-target="#navbarNav"
            data-bs-toggle="collapse"
            type="button"
          >
            <span
              class="navbar-toggler-icon"
            />
          </button>
          <ul
            class="nav justify-content-end"
          >
            <li
              class="nav-item"
            >
              <a
                aria-current="page"
                class="nav-link active"
                href="/"
              >
                Home
              </a>
            </li>
            <li
              class="nav-item"
            >
              <a
                class="nav-link"
                href="/register"
              >
                Register
              </a>
            </li>
            <li
              class="nav-item"
            >
              <a
                class="nav-link"
                href="/login"
              >
                 Login
              </a>
            </li>
          </ul>
        </div>
      </nav>
    </div>
  </div>,
  "debug": [Function],
  "findAllByAltText": [Function],
  "findAllByDisplayValue": [Function],
  "findAllByLabelText": [Function],
  "findAllByPlaceholderText": [Function],
  "findAllByRole": [Function],
  "findAllByTestId": [Function],
  "findAllByText": [Function],
  "findAllByTitle": [Function],
  "findByAltText": [Function],
  "findByDisplayValue": [Function],
  "findByLabelText": [Function],
  "findByPlaceholderText": [Function],
  "findByRole": [Function],
  "findByTestId": [Function],
  "findByText": [Function],
  "findByTitle": [Function],
  "getAllByAltText": [Function],
  "getAllByDisplayValue": [Function],
  "getAllByLabelText": [Function],
  "getAllByPlaceholderText": [Function],
  "getAllByRole": [Function],
  "getAllByTestId": [Function],
  "getAllByText": [Function],
  "getAllByTitle": [Function],
  "getByAltText": [Function],
  "getByDisplayValue": [Function],
  "getByLabelText": [Function],
  "getByPlaceholderText": [Function],
  "getByRole": [Function],
  "getByTestId": [Function],
  "getByText": [Function],
  "getByTitle": [Function],
  "queryAllByAltText": [Function],
  "queryAllByDisplayValue": [Function],
  "queryAllByLabelText": [Function],
  "queryAllByPlaceholderText": [Function],
  "queryAllByRole": [Function],
  "queryAllByTestId": [Function],
  "queryAllByText": [Function],
  "queryAllByTitle": [Function],
  "queryByAltText": [Function],
  "queryByDisplayValue": [Function],
  "queryByLabelText": [Function],
  "queryByPlaceholderText": [Function],
  "queryByRole": [Function],
  "queryByTestId": [Function],
  "queryByText": [Function],
  "queryByTitle": [Function],
  "rerender": [Function],
  "unmount": [Function],
}
`;
